04:08:07 **** Incremental Build of configuration Debug for project GraviTE_test ****
make -j12 all 
arm-none-eabi-gcc "../Core/Src/max31865.c" -mcpu=cortex-m4 -std=gnu11 -g3 -DDEBUG -DUSE_HAL_DRIVER -DSTM32F429xx -c -I../Core/Inc -I../Drivers/STM32F4xx_HAL_Driver/Inc -I../Drivers/STM32F4xx_HAL_Driver/Inc/Legacy -I../Drivers/CMSIS/Device/ST/STM32F4xx/Include -I../Drivers/CMSIS/Include -O0 -ffunction-sections -fdata-sections -Wall -fstack-usage -fcyclomatic-complexity -MMD -MP -MF"Core/Src/max31865.d" -MT"Core/Src/max31865.o" --specs=nano.specs -mfpu=fpv4-sp-d16 -mfloat-abi=hard -mthumb -o "Core/Src/max31865.o"
arm-none-eabi-gcc -o "GraviTE_test.elf" @"objects.list"   -mcpu=cortex-m4 -T"C:\Users\User\Desktop\AGH\Space Systems\GraviTE\Testy\STM32_tests\GraviTE_test\STM32F429ZITX_FLASH.ld" --specs=nosys.specs -Wl,-Map="GraviTE_test.map" -Wl,--gc-sections -static --specs=nano.specs -mfpu=fpv4-sp-d16 -mfloat-abi=hard -mthumb -Wl,--start-group -lc -lm -Wl,--end-group
Finished building target: GraviTE_test.elf
 
arm-none-eabi-size   GraviTE_test.elf 
arm-none-eabi-objdump -h -S  GraviTE_test.elf  > "GraviTE_test.list"
   text	   data	    bss	    dec	    hex	filename
  27552	    100	   4252	  31904	   7ca0	GraviTE_test.elf
Finished building: default.size.stdout
 
Finished building: GraviTE_test.list
 

04:08:08 Build Finished. 0 errors, 0 warnings. (took 1s.77ms)

